// Jest Snapshot v1, https://goo.gl/fbAQLP

exports[`Footer component Must render properly 1`] = `
ShallowWrapper {
  "length": 1,
  Symbol(enzyme.__root__): [Circular],
  Symbol(enzyme.__unrendered__): <Footer />,
  Symbol(enzyme.__renderer__): Object {
    "batchedUpdates": [Function],
    "getNode": [Function],
    "render": [Function],
    "simulateEvent": [Function],
    "unmount": [Function],
  },
  Symbol(enzyme.__node__): Object {
    "instance": null,
    "key": null,
    "nodeType": "host",
    "props": Object {
      "children": <Container>
        <styled.div>
          <Link
            className="link"
            url="mailto:orenciorodolfo@gmail.com"
          >
            <Icon
              icon="envelope-o fa-lg"
            />
          </Link>
          <Connect(Social) />
        </styled.div>
      </Container>,
    },
    "ref": null,
    "rendered": Object {
      "instance": null,
      "key": null,
      "nodeType": "function",
      "props": Object {
        "children": <styled.div>
          <Link
            className="link"
            url="mailto:orenciorodolfo@gmail.com"
          >
            <Icon
              icon="envelope-o fa-lg"
            />
          </Link>
          <Connect(Social) />
        </styled.div>,
      },
      "ref": null,
      "rendered": Object {
        "instance": null,
        "key": null,
        "nodeType": "class",
        "props": Object {
          "children": Array [
            <Link
              className="link"
              url="mailto:orenciorodolfo@gmail.com"
            >
              <Icon
                icon="envelope-o fa-lg"
              />
            </Link>,
            <Connect(Social) />,
          ],
        },
        "ref": null,
        "rendered": Array [
          Object {
            "instance": null,
            "key": null,
            "nodeType": "function",
            "props": Object {
              "children": <Icon
                icon="envelope-o fa-lg"
              />,
              "className": "link",
              "url": "mailto:orenciorodolfo@gmail.com",
            },
            "ref": null,
            "rendered": Object {
              "instance": null,
              "key": null,
              "nodeType": "function",
              "props": Object {
                "icon": "envelope-o fa-lg",
              },
              "ref": null,
              "rendered": null,
              "type": [Function],
            },
            "type": [Function],
          },
          Object {
            "instance": null,
            "key": null,
            "nodeType": "class",
            "props": Object {},
            "ref": null,
            "rendered": null,
            "type": [Function],
          },
        ],
        "type": [Function],
      },
      "type": [Function],
    },
    "type": "footer",
  },
  Symbol(enzyme.__nodes__): Array [
    Object {
      "instance": null,
      "key": null,
      "nodeType": "host",
      "props": Object {
        "children": <Container>
          <styled.div>
            <Link
              className="link"
              url="mailto:orenciorodolfo@gmail.com"
            >
              <Icon
                icon="envelope-o fa-lg"
              />
            </Link>
            <Connect(Social) />
          </styled.div>
        </Container>,
      },
      "ref": null,
      "rendered": Object {
        "instance": null,
        "key": null,
        "nodeType": "function",
        "props": Object {
          "children": <styled.div>
            <Link
              className="link"
              url="mailto:orenciorodolfo@gmail.com"
            >
              <Icon
                icon="envelope-o fa-lg"
              />
            </Link>
            <Connect(Social) />
          </styled.div>,
        },
        "ref": null,
        "rendered": Object {
          "instance": null,
          "key": null,
          "nodeType": "class",
          "props": Object {
            "children": Array [
              <Link
                className="link"
                url="mailto:orenciorodolfo@gmail.com"
              >
                <Icon
                  icon="envelope-o fa-lg"
                />
              </Link>,
              <Connect(Social) />,
            ],
          },
          "ref": null,
          "rendered": Array [
            Object {
              "instance": null,
              "key": null,
              "nodeType": "function",
              "props": Object {
                "children": <Icon
                  icon="envelope-o fa-lg"
                />,
                "className": "link",
                "url": "mailto:orenciorodolfo@gmail.com",
              },
              "ref": null,
              "rendered": Object {
                "instance": null,
                "key": null,
                "nodeType": "function",
                "props": Object {
                  "icon": "envelope-o fa-lg",
                },
                "ref": null,
                "rendered": null,
                "type": [Function],
              },
              "type": [Function],
            },
            Object {
              "instance": null,
              "key": null,
              "nodeType": "class",
              "props": Object {},
              "ref": null,
              "rendered": null,
              "type": [Function],
            },
          ],
          "type": [Function],
        },
        "type": [Function],
      },
      "type": "footer",
    },
  ],
  Symbol(enzyme.__options__): Object {
    "adapter": ReactSixteenAdapter {
      "options": Object {
        "enableComponentDidUpdateOnSetState": true,
      },
    },
  },
}
`;
