// Jest Snapshot v1, https://goo.gl/fbAQLP

exports[`Link component Must render properly 1`] = `
ShallowWrapper {
  "length": 1,
  Symbol(enzyme.__root__): [Circular],
  Symbol(enzyme.__unrendered__): <Link
    className=""
    url="sample"
  >
    Sample
  </Link>,
  Symbol(enzyme.__renderer__): Object {
    "batchedUpdates": [Function],
    "getNode": [Function],
    "render": [Function],
    "simulateEvent": [Function],
    "unmount": [Function],
  },
  Symbol(enzyme.__node__): Object {
    "instance": null,
    "key": null,
    "nodeType": "class",
    "props": Object {
      "children": "Sample",
      "className": "",
      "href": "sample",
      "rel": "noreferrer noopener",
      "target": "_blank",
    },
    "ref": null,
    "rendered": "Sample",
    "type": [Function],
  },
  Symbol(enzyme.__nodes__): Array [
    Object {
      "instance": null,
      "key": null,
      "nodeType": "class",
      "props": Object {
        "children": "Sample",
        "className": "",
        "href": "sample",
        "rel": "noreferrer noopener",
        "target": "_blank",
      },
      "ref": null,
      "rendered": "Sample",
      "type": [Function],
    },
  ],
  Symbol(enzyme.__options__): Object {
    "adapter": ReactSixteenAdapter {
      "options": Object {
        "enableComponentDidUpdateOnSetState": true,
      },
    },
  },
}
`;
