// Jest Snapshot v1, https://goo.gl/fbAQLP

exports[`Header component Must render the left content of a pill button 1`] = `
ShallowWrapper {
  "length": 1,
  Symbol(enzyme.__root__): [Circular],
  Symbol(enzyme.__unrendered__): <Header>
    Left content
  </Header>,
  Symbol(enzyme.__renderer__): Object {
    "batchedUpdates": [Function],
    "getNode": [Function],
    "render": [Function],
    "simulateEvent": [Function],
    "unmount": [Function],
  },
  Symbol(enzyme.__node__): Object {
    "instance": null,
    "key": null,
    "nodeType": "class",
    "props": Object {
      "children": <Container>
        <Container>
          <Link
            className=""
            url="https://twitter.com/orenciorodolfo"
          >
            <styled.span>
              @orenciogoncalves
            </styled.span>
          </Link>
          <Connect(Social) />
        </Container>
      </Container>,
    },
    "ref": null,
    "rendered": Object {
      "instance": null,
      "key": null,
      "nodeType": "function",
      "props": Object {
        "children": <Container>
          <Link
            className=""
            url="https://twitter.com/orenciorodolfo"
          >
            <styled.span>
              @orenciogoncalves
            </styled.span>
          </Link>
          <Connect(Social) />
        </Container>,
      },
      "ref": null,
      "rendered": Object {
        "instance": null,
        "key": null,
        "nodeType": "function",
        "props": Object {
          "children": Array [
            <Link
              className=""
              url="https://twitter.com/orenciorodolfo"
            >
              <styled.span>
                @orenciogoncalves
              </styled.span>
            </Link>,
            <Connect(Social) />,
          ],
        },
        "ref": null,
        "rendered": Array [
          Object {
            "instance": null,
            "key": null,
            "nodeType": "function",
            "props": Object {
              "children": <styled.span>
                @orenciogoncalves
              </styled.span>,
              "className": "",
              "url": "https://twitter.com/orenciorodolfo",
            },
            "ref": null,
            "rendered": Object {
              "instance": null,
              "key": null,
              "nodeType": "class",
              "props": Object {
                "children": "@orenciogoncalves",
              },
              "ref": null,
              "rendered": "@orenciogoncalves",
              "type": [Function],
            },
            "type": [Function],
          },
          Object {
            "instance": null,
            "key": null,
            "nodeType": "class",
            "props": Object {},
            "ref": null,
            "rendered": null,
            "type": [Function],
          },
        ],
        "type": [Function],
      },
      "type": [Function],
    },
    "type": [Function],
  },
  Symbol(enzyme.__nodes__): Array [
    Object {
      "instance": null,
      "key": null,
      "nodeType": "class",
      "props": Object {
        "children": <Container>
          <Container>
            <Link
              className=""
              url="https://twitter.com/orenciorodolfo"
            >
              <styled.span>
                @orenciogoncalves
              </styled.span>
            </Link>
            <Connect(Social) />
          </Container>
        </Container>,
      },
      "ref": null,
      "rendered": Object {
        "instance": null,
        "key": null,
        "nodeType": "function",
        "props": Object {
          "children": <Container>
            <Link
              className=""
              url="https://twitter.com/orenciorodolfo"
            >
              <styled.span>
                @orenciogoncalves
              </styled.span>
            </Link>
            <Connect(Social) />
          </Container>,
        },
        "ref": null,
        "rendered": Object {
          "instance": null,
          "key": null,
          "nodeType": "function",
          "props": Object {
            "children": Array [
              <Link
                className=""
                url="https://twitter.com/orenciorodolfo"
              >
                <styled.span>
                  @orenciogoncalves
                </styled.span>
              </Link>,
              <Connect(Social) />,
            ],
          },
          "ref": null,
          "rendered": Array [
            Object {
              "instance": null,
              "key": null,
              "nodeType": "function",
              "props": Object {
                "children": <styled.span>
                  @orenciogoncalves
                </styled.span>,
                "className": "",
                "url": "https://twitter.com/orenciorodolfo",
              },
              "ref": null,
              "rendered": Object {
                "instance": null,
                "key": null,
                "nodeType": "class",
                "props": Object {
                  "children": "@orenciogoncalves",
                },
                "ref": null,
                "rendered": "@orenciogoncalves",
                "type": [Function],
              },
              "type": [Function],
            },
            Object {
              "instance": null,
              "key": null,
              "nodeType": "class",
              "props": Object {},
              "ref": null,
              "rendered": null,
              "type": [Function],
            },
          ],
          "type": [Function],
        },
        "type": [Function],
      },
      "type": [Function],
    },
  ],
  Symbol(enzyme.__options__): Object {
    "adapter": ReactSixteenAdapter {
      "options": Object {
        "enableComponentDidUpdateOnSetState": true,
      },
    },
  },
}
`;
