// Jest Snapshot v1, https://goo.gl/fbAQLP

exports[`Commit component Must render an empty list 1`] = `
ShallowWrapper {
  "length": 1,
  Symbol(enzyme.__root__): [Circular],
  Symbol(enzyme.__unrendered__): <Commit
    commit={Object {}}
  />,
  Symbol(enzyme.__renderer__): Object {
    "batchedUpdates": [Function],
    "getNode": [Function],
    "render": [Function],
    "simulateEvent": [Function],
    "unmount": [Function],
  },
  Symbol(enzyme.__node__): null,
  Symbol(enzyme.__nodes__): Array [
    null,
  ],
  Symbol(enzyme.__options__): Object {
    "adapter": ReactSixteenAdapter {
      "options": Object {
        "enableComponentDidUpdateOnSetState": true,
      },
    },
  },
}
`;

exports[`Commit component Must render the details of a commits 1`] = `
ShallowWrapper {
  "length": 1,
  Symbol(enzyme.__root__): [Circular],
  Symbol(enzyme.__unrendered__): <Commit
    commit={
      Object {
        "_id": "59d678d9f51fea02ea1209b7",
        "date": 2016-06-04T00:00:00.000Z,
        "description": "Description...",
        "image": "https://avatars0.githubusercontent.com/u/4216535?v=4&s=72",
        "link": "sample.com",
        "title": "A title",
      }
    }
  />,
  Symbol(enzyme.__renderer__): Object {
    "batchedUpdates": [Function],
    "getNode": [Function],
    "render": [Function],
    "simulateEvent": [Function],
    "unmount": [Function],
  },
  Symbol(enzyme.__node__): Object {
    "instance": null,
    "key": null,
    "nodeType": "class",
    "props": Object {
      "children": Array [
        <styled.img
          alt="A title"
          height="50px"
          src="https://avatars0.githubusercontent.com/u/4216535?v=4&s=72"
          width="50px"
        />,
        <styled.div>
          <styled.div>
            <span>
              A title
            </span>
            <styled.button
              onClick={[Function]}
            >
              ...
            </styled.button>
          </styled.div>
          <styled.div>
            <styled.span>
              <styled.span>
                Commited by  
                <styled.span />
                <span>
                   -  
                  <Link
                    className="link"
                    url="sample.com"
                  >
                    a1209b7
                  </Link>
                </span>
              </styled.span>
              <styled.span>
                <styled.span />
                 commited on 
                June
                 
                2016
              </styled.span>
            </styled.span>
          </styled.div>
        </styled.div>,
        <styled.div>
          <Link
            className=""
            url="sample.com"
          >
            <Button
              light={true}
              small={true}
              title="Related link"
            >
              <PillLeft>
                <Icon
                  icon="link"
                />
              </PillLeft>
              <PillRight>
                <styled.span>
                  a1209b7
                </styled.span>
              </PillRight>
            </Button>
          </Link>
        </styled.div>,
      ],
    },
    "ref": null,
    "rendered": Array [
      Object {
        "instance": null,
        "key": null,
        "nodeType": "class",
        "props": Object {
          "alt": "A title",
          "height": "50px",
          "src": "https://avatars0.githubusercontent.com/u/4216535?v=4&s=72",
          "width": "50px",
        },
        "ref": null,
        "rendered": null,
        "type": [Function],
      },
      Object {
        "instance": null,
        "key": null,
        "nodeType": "class",
        "props": Object {
          "children": Array [
            <styled.div>
              <span>
                A title
              </span>
              <styled.button
                onClick={[Function]}
              >
                ...
              </styled.button>
            </styled.div>,
            <styled.div>
              <styled.span>
                <styled.span>
                  Commited by  
                  <styled.span />
                  <span>
                     -  
                    <Link
                      className="link"
                      url="sample.com"
                    >
                      a1209b7
                    </Link>
                  </span>
                </styled.span>
                <styled.span>
                  <styled.span />
                   commited on 
                  June
                   
                  2016
                </styled.span>
              </styled.span>
            </styled.div>,
            null,
          ],
        },
        "ref": null,
        "rendered": Array [
          Object {
            "instance": null,
            "key": null,
            "nodeType": "class",
            "props": Object {
              "children": Array [
                <span>
                  A title
                </span>,
                <styled.button
                  onClick={[Function]}
                >
                  ...
                </styled.button>,
              ],
            },
            "ref": null,
            "rendered": Array [
              Object {
                "instance": null,
                "key": null,
                "nodeType": "host",
                "props": Object {
                  "children": "A title",
                },
                "ref": null,
                "rendered": "A title",
                "type": "span",
              },
              Object {
                "instance": null,
                "key": null,
                "nodeType": "class",
                "props": Object {
                  "children": "...",
                  "onClick": [Function],
                },
                "ref": null,
                "rendered": "...",
                "type": [Function],
              },
            ],
            "type": [Function],
          },
          Object {
            "instance": null,
            "key": null,
            "nodeType": "class",
            "props": Object {
              "children": <styled.span>
                <styled.span>
                  Commited by  
                  <styled.span />
                  <span>
                     -  
                    <Link
                      className="link"
                      url="sample.com"
                    >
                      a1209b7
                    </Link>
                  </span>
                </styled.span>
                <styled.span>
                  <styled.span />
                   commited on 
                  June
                   
                  2016
                </styled.span>
              </styled.span>,
            },
            "ref": null,
            "rendered": Object {
              "instance": null,
              "key": null,
              "nodeType": "class",
              "props": Object {
                "children": Array [
                  <styled.span>
                    Commited by  
                    <styled.span />
                    <span>
                       -  
                      <Link
                        className="link"
                        url="sample.com"
                      >
                        a1209b7
                      </Link>
                    </span>
                  </styled.span>,
                  <styled.span>
                    <styled.span />
                     commited on 
                    June
                     
                    2016
                  </styled.span>,
                ],
              },
              "ref": null,
              "rendered": Array [
                Object {
                  "instance": null,
                  "key": null,
                  "nodeType": "class",
                  "props": Object {
                    "children": Array [
                      "Commited by  ",
                      <styled.span />,
                      <span>
                         -  
                        <Link
                          className="link"
                          url="sample.com"
                        >
                          a1209b7
                        </Link>
                      </span>,
                    ],
                  },
                  "ref": null,
                  "rendered": Array [
                    "Commited by  ",
                    Object {
                      "instance": null,
                      "key": null,
                      "nodeType": "class",
                      "props": Object {
                        "children": undefined,
                      },
                      "ref": null,
                      "rendered": null,
                      "type": [Function],
                    },
                    Object {
                      "instance": null,
                      "key": null,
                      "nodeType": "host",
                      "props": Object {
                        "children": Array [
                          " -  ",
                          <Link
                            className="link"
                            url="sample.com"
                          >
                            a1209b7
                          </Link>,
                        ],
                      },
                      "ref": null,
                      "rendered": Array [
                        " -  ",
                        Object {
                          "instance": null,
                          "key": null,
                          "nodeType": "function",
                          "props": Object {
                            "children": "a1209b7",
                            "className": "link",
                            "url": "sample.com",
                          },
                          "ref": null,
                          "rendered": "a1209b7",
                          "type": [Function],
                        },
                      ],
                      "type": "span",
                    },
                  ],
                  "type": [Function],
                },
                Object {
                  "instance": null,
                  "key": null,
                  "nodeType": "class",
                  "props": Object {
                    "children": Array [
                      <styled.span />,
                      " commited on ",
                      "June",
                      " ",
                      2016,
                    ],
                  },
                  "ref": null,
                  "rendered": Array [
                    Object {
                      "instance": null,
                      "key": null,
                      "nodeType": "class",
                      "props": Object {
                        "children": undefined,
                      },
                      "ref": null,
                      "rendered": null,
                      "type": [Function],
                    },
                    " commited on ",
                    "June",
                    " ",
                    2016,
                  ],
                  "type": [Function],
                },
              ],
              "type": [Function],
            },
            "type": [Function],
          },
          null,
        ],
        "type": [Function],
      },
      Object {
        "instance": null,
        "key": null,
        "nodeType": "class",
        "props": Object {
          "children": <Link
            className=""
            url="sample.com"
          >
            <Button
              light={true}
              small={true}
              title="Related link"
            >
              <PillLeft>
                <Icon
                  icon="link"
                />
              </PillLeft>
              <PillRight>
                <styled.span>
                  a1209b7
                </styled.span>
              </PillRight>
            </Button>
          </Link>,
        },
        "ref": null,
        "rendered": Object {
          "instance": null,
          "key": null,
          "nodeType": "function",
          "props": Object {
            "children": <Button
              light={true}
              small={true}
              title="Related link"
            >
              <PillLeft>
                <Icon
                  icon="link"
                />
              </PillLeft>
              <PillRight>
                <styled.span>
                  a1209b7
                </styled.span>
              </PillRight>
            </Button>,
            "className": "",
            "url": "sample.com",
          },
          "ref": null,
          "rendered": Object {
            "instance": null,
            "key": null,
            "nodeType": "function",
            "props": Object {
              "children": Array [
                <PillLeft>
                  <Icon
                    icon="link"
                  />
                </PillLeft>,
                <PillRight>
                  <styled.span>
                    a1209b7
                  </styled.span>
                </PillRight>,
              ],
              "light": true,
              "small": true,
              "title": "Related link",
            },
            "ref": null,
            "rendered": Array [
              Object {
                "instance": null,
                "key": null,
                "nodeType": "function",
                "props": Object {
                  "children": <Icon
                    icon="link"
                  />,
                },
                "ref": null,
                "rendered": Object {
                  "instance": null,
                  "key": null,
                  "nodeType": "function",
                  "props": Object {
                    "icon": "link",
                  },
                  "ref": null,
                  "rendered": null,
                  "type": [Function],
                },
                "type": [Function],
              },
              Object {
                "instance": null,
                "key": null,
                "nodeType": "function",
                "props": Object {
                  "children": <styled.span>
                    a1209b7
                  </styled.span>,
                },
                "ref": null,
                "rendered": Object {
                  "instance": null,
                  "key": null,
                  "nodeType": "class",
                  "props": Object {
                    "children": "a1209b7",
                  },
                  "ref": null,
                  "rendered": "a1209b7",
                  "type": [Function],
                },
                "type": [Function],
              },
            ],
            "type": [Function],
          },
          "type": [Function],
        },
        "type": [Function],
      },
    ],
    "type": [Function],
  },
  Symbol(enzyme.__nodes__): Array [
    Object {
      "instance": null,
      "key": null,
      "nodeType": "class",
      "props": Object {
        "children": Array [
          <styled.img
            alt="A title"
            height="50px"
            src="https://avatars0.githubusercontent.com/u/4216535?v=4&s=72"
            width="50px"
          />,
          <styled.div>
            <styled.div>
              <span>
                A title
              </span>
              <styled.button
                onClick={[Function]}
              >
                ...
              </styled.button>
            </styled.div>
            <styled.div>
              <styled.span>
                <styled.span>
                  Commited by  
                  <styled.span />
                  <span>
                     -  
                    <Link
                      className="link"
                      url="sample.com"
                    >
                      a1209b7
                    </Link>
                  </span>
                </styled.span>
                <styled.span>
                  <styled.span />
                   commited on 
                  June
                   
                  2016
                </styled.span>
              </styled.span>
            </styled.div>
          </styled.div>,
          <styled.div>
            <Link
              className=""
              url="sample.com"
            >
              <Button
                light={true}
                small={true}
                title="Related link"
              >
                <PillLeft>
                  <Icon
                    icon="link"
                  />
                </PillLeft>
                <PillRight>
                  <styled.span>
                    a1209b7
                  </styled.span>
                </PillRight>
              </Button>
            </Link>
          </styled.div>,
        ],
      },
      "ref": null,
      "rendered": Array [
        Object {
          "instance": null,
          "key": null,
          "nodeType": "class",
          "props": Object {
            "alt": "A title",
            "height": "50px",
            "src": "https://avatars0.githubusercontent.com/u/4216535?v=4&s=72",
            "width": "50px",
          },
          "ref": null,
          "rendered": null,
          "type": [Function],
        },
        Object {
          "instance": null,
          "key": null,
          "nodeType": "class",
          "props": Object {
            "children": Array [
              <styled.div>
                <span>
                  A title
                </span>
                <styled.button
                  onClick={[Function]}
                >
                  ...
                </styled.button>
              </styled.div>,
              <styled.div>
                <styled.span>
                  <styled.span>
                    Commited by  
                    <styled.span />
                    <span>
                       -  
                      <Link
                        className="link"
                        url="sample.com"
                      >
                        a1209b7
                      </Link>
                    </span>
                  </styled.span>
                  <styled.span>
                    <styled.span />
                     commited on 
                    June
                     
                    2016
                  </styled.span>
                </styled.span>
              </styled.div>,
              null,
            ],
          },
          "ref": null,
          "rendered": Array [
            Object {
              "instance": null,
              "key": null,
              "nodeType": "class",
              "props": Object {
                "children": Array [
                  <span>
                    A title
                  </span>,
                  <styled.button
                    onClick={[Function]}
                  >
                    ...
                  </styled.button>,
                ],
              },
              "ref": null,
              "rendered": Array [
                Object {
                  "instance": null,
                  "key": null,
                  "nodeType": "host",
                  "props": Object {
                    "children": "A title",
                  },
                  "ref": null,
                  "rendered": "A title",
                  "type": "span",
                },
                Object {
                  "instance": null,
                  "key": null,
                  "nodeType": "class",
                  "props": Object {
                    "children": "...",
                    "onClick": [Function],
                  },
                  "ref": null,
                  "rendered": "...",
                  "type": [Function],
                },
              ],
              "type": [Function],
            },
            Object {
              "instance": null,
              "key": null,
              "nodeType": "class",
              "props": Object {
                "children": <styled.span>
                  <styled.span>
                    Commited by  
                    <styled.span />
                    <span>
                       -  
                      <Link
                        className="link"
                        url="sample.com"
                      >
                        a1209b7
                      </Link>
                    </span>
                  </styled.span>
                  <styled.span>
                    <styled.span />
                     commited on 
                    June
                     
                    2016
                  </styled.span>
                </styled.span>,
              },
              "ref": null,
              "rendered": Object {
                "instance": null,
                "key": null,
                "nodeType": "class",
                "props": Object {
                  "children": Array [
                    <styled.span>
                      Commited by  
                      <styled.span />
                      <span>
                         -  
                        <Link
                          className="link"
                          url="sample.com"
                        >
                          a1209b7
                        </Link>
                      </span>
                    </styled.span>,
                    <styled.span>
                      <styled.span />
                       commited on 
                      June
                       
                      2016
                    </styled.span>,
                  ],
                },
                "ref": null,
                "rendered": Array [
                  Object {
                    "instance": null,
                    "key": null,
                    "nodeType": "class",
                    "props": Object {
                      "children": Array [
                        "Commited by  ",
                        <styled.span />,
                        <span>
                           -  
                          <Link
                            className="link"
                            url="sample.com"
                          >
                            a1209b7
                          </Link>
                        </span>,
                      ],
                    },
                    "ref": null,
                    "rendered": Array [
                      "Commited by  ",
                      Object {
                        "instance": null,
                        "key": null,
                        "nodeType": "class",
                        "props": Object {
                          "children": undefined,
                        },
                        "ref": null,
                        "rendered": null,
                        "type": [Function],
                      },
                      Object {
                        "instance": null,
                        "key": null,
                        "nodeType": "host",
                        "props": Object {
                          "children": Array [
                            " -  ",
                            <Link
                              className="link"
                              url="sample.com"
                            >
                              a1209b7
                            </Link>,
                          ],
                        },
                        "ref": null,
                        "rendered": Array [
                          " -  ",
                          Object {
                            "instance": null,
                            "key": null,
                            "nodeType": "function",
                            "props": Object {
                              "children": "a1209b7",
                              "className": "link",
                              "url": "sample.com",
                            },
                            "ref": null,
                            "rendered": "a1209b7",
                            "type": [Function],
                          },
                        ],
                        "type": "span",
                      },
                    ],
                    "type": [Function],
                  },
                  Object {
                    "instance": null,
                    "key": null,
                    "nodeType": "class",
                    "props": Object {
                      "children": Array [
                        <styled.span />,
                        " commited on ",
                        "June",
                        " ",
                        2016,
                      ],
                    },
                    "ref": null,
                    "rendered": Array [
                      Object {
                        "instance": null,
                        "key": null,
                        "nodeType": "class",
                        "props": Object {
                          "children": undefined,
                        },
                        "ref": null,
                        "rendered": null,
                        "type": [Function],
                      },
                      " commited on ",
                      "June",
                      " ",
                      2016,
                    ],
                    "type": [Function],
                  },
                ],
                "type": [Function],
              },
              "type": [Function],
            },
            null,
          ],
          "type": [Function],
        },
        Object {
          "instance": null,
          "key": null,
          "nodeType": "class",
          "props": Object {
            "children": <Link
              className=""
              url="sample.com"
            >
              <Button
                light={true}
                small={true}
                title="Related link"
              >
                <PillLeft>
                  <Icon
                    icon="link"
                  />
                </PillLeft>
                <PillRight>
                  <styled.span>
                    a1209b7
                  </styled.span>
                </PillRight>
              </Button>
            </Link>,
          },
          "ref": null,
          "rendered": Object {
            "instance": null,
            "key": null,
            "nodeType": "function",
            "props": Object {
              "children": <Button
                light={true}
                small={true}
                title="Related link"
              >
                <PillLeft>
                  <Icon
                    icon="link"
                  />
                </PillLeft>
                <PillRight>
                  <styled.span>
                    a1209b7
                  </styled.span>
                </PillRight>
              </Button>,
              "className": "",
              "url": "sample.com",
            },
            "ref": null,
            "rendered": Object {
              "instance": null,
              "key": null,
              "nodeType": "function",
              "props": Object {
                "children": Array [
                  <PillLeft>
                    <Icon
                      icon="link"
                    />
                  </PillLeft>,
                  <PillRight>
                    <styled.span>
                      a1209b7
                    </styled.span>
                  </PillRight>,
                ],
                "light": true,
                "small": true,
                "title": "Related link",
              },
              "ref": null,
              "rendered": Array [
                Object {
                  "instance": null,
                  "key": null,
                  "nodeType": "function",
                  "props": Object {
                    "children": <Icon
                      icon="link"
                    />,
                  },
                  "ref": null,
                  "rendered": Object {
                    "instance": null,
                    "key": null,
                    "nodeType": "function",
                    "props": Object {
                      "icon": "link",
                    },
                    "ref": null,
                    "rendered": null,
                    "type": [Function],
                  },
                  "type": [Function],
                },
                Object {
                  "instance": null,
                  "key": null,
                  "nodeType": "function",
                  "props": Object {
                    "children": <styled.span>
                      a1209b7
                    </styled.span>,
                  },
                  "ref": null,
                  "rendered": Object {
                    "instance": null,
                    "key": null,
                    "nodeType": "class",
                    "props": Object {
                      "children": "a1209b7",
                    },
                    "ref": null,
                    "rendered": "a1209b7",
                    "type": [Function],
                  },
                  "type": [Function],
                },
              ],
              "type": [Function],
            },
            "type": [Function],
          },
          "type": [Function],
        },
      ],
      "type": [Function],
    },
  ],
  Symbol(enzyme.__options__): Object {
    "adapter": ReactSixteenAdapter {
      "options": Object {
        "enableComponentDidUpdateOnSetState": true,
      },
    },
  },
}
`;
