// Jest Snapshot v1, https://goo.gl/fbAQLP

exports[`Navigation component Must render a navigation with the totals 1`] = `
ShallowWrapper {
  "length": 1,
  Symbol(enzyme.__root__): [Circular],
  Symbol(enzyme.__unrendered__): <Navigation
    totalCommits={31}
    totalOrganizations={10}
  />,
  Symbol(enzyme.__renderer__): Object {
    "batchedUpdates": [Function],
    "getNode": [Function],
    "render": [Function],
    "simulateEvent": [Function],
    "unmount": [Function],
  },
  Symbol(enzyme.__node__): Object {
    "instance": null,
    "key": null,
    "nodeType": "class",
    "props": Object {
      "children": <styled.ul>
        <styled.li>
          <Link
            className="active"
            onClick={[Function]}
            replace={false}
            to="/commits"
          >
            <Icon
              icon="clock-o"
            />
            <styled.span>
              0
            </styled.span>
            commits
          </Link>
        </styled.li>
        <styled.li>
          <Link
            className=""
            onClick={[Function]}
            replace={false}
            to="/orgs"
          >
            <Icon
              icon="users"
            />
            <styled.span>
              0
            </styled.span>
            organizations
          </Link>
        </styled.li>
      </styled.ul>,
    },
    "ref": null,
    "rendered": Object {
      "instance": null,
      "key": null,
      "nodeType": "class",
      "props": Object {
        "children": Array [
          <styled.li>
            <Link
              className="active"
              onClick={[Function]}
              replace={false}
              to="/commits"
            >
              <Icon
                icon="clock-o"
              />
              <styled.span>
                0
              </styled.span>
              commits
            </Link>
          </styled.li>,
          <styled.li>
            <Link
              className=""
              onClick={[Function]}
              replace={false}
              to="/orgs"
            >
              <Icon
                icon="users"
              />
              <styled.span>
                0
              </styled.span>
              organizations
            </Link>
          </styled.li>,
        ],
      },
      "ref": null,
      "rendered": Array [
        Object {
          "instance": null,
          "key": "/commits",
          "nodeType": "class",
          "props": Object {
            "children": <Link
              className="active"
              onClick={[Function]}
              replace={false}
              to="/commits"
            >
              <Icon
                icon="clock-o"
              />
              <styled.span>
                0
              </styled.span>
              commits
            </Link>,
          },
          "ref": null,
          "rendered": Object {
            "instance": null,
            "key": null,
            "nodeType": "class",
            "props": Object {
              "children": Array [
                <Icon
                  icon="clock-o"
                />,
                <styled.span>
                  0
                </styled.span>,
                "commits",
              ],
              "className": "active",
              "onClick": [Function],
              "replace": false,
              "to": "/commits",
            },
            "ref": null,
            "rendered": Array [
              Object {
                "instance": null,
                "key": null,
                "nodeType": "function",
                "props": Object {
                  "icon": "clock-o",
                },
                "ref": null,
                "rendered": null,
                "type": [Function],
              },
              Object {
                "instance": null,
                "key": null,
                "nodeType": "class",
                "props": Object {
                  "children": 0,
                },
                "ref": null,
                "rendered": 0,
                "type": [Function],
              },
              "commits",
            ],
            "type": [Function],
          },
          "type": [Function],
        },
        Object {
          "instance": null,
          "key": "/orgs",
          "nodeType": "class",
          "props": Object {
            "children": <Link
              className=""
              onClick={[Function]}
              replace={false}
              to="/orgs"
            >
              <Icon
                icon="users"
              />
              <styled.span>
                0
              </styled.span>
              organizations
            </Link>,
          },
          "ref": null,
          "rendered": Object {
            "instance": null,
            "key": null,
            "nodeType": "class",
            "props": Object {
              "children": Array [
                <Icon
                  icon="users"
                />,
                <styled.span>
                  0
                </styled.span>,
                "organizations",
              ],
              "className": "",
              "onClick": [Function],
              "replace": false,
              "to": "/orgs",
            },
            "ref": null,
            "rendered": Array [
              Object {
                "instance": null,
                "key": null,
                "nodeType": "function",
                "props": Object {
                  "icon": "users",
                },
                "ref": null,
                "rendered": null,
                "type": [Function],
              },
              Object {
                "instance": null,
                "key": null,
                "nodeType": "class",
                "props": Object {
                  "children": 0,
                },
                "ref": null,
                "rendered": 0,
                "type": [Function],
              },
              "organizations",
            ],
            "type": [Function],
          },
          "type": [Function],
        },
      ],
      "type": [Function],
    },
    "type": [Function],
  },
  Symbol(enzyme.__nodes__): Array [
    Object {
      "instance": null,
      "key": null,
      "nodeType": "class",
      "props": Object {
        "children": <styled.ul>
          <styled.li>
            <Link
              className="active"
              onClick={[Function]}
              replace={false}
              to="/commits"
            >
              <Icon
                icon="clock-o"
              />
              <styled.span>
                0
              </styled.span>
              commits
            </Link>
          </styled.li>
          <styled.li>
            <Link
              className=""
              onClick={[Function]}
              replace={false}
              to="/orgs"
            >
              <Icon
                icon="users"
              />
              <styled.span>
                0
              </styled.span>
              organizations
            </Link>
          </styled.li>
        </styled.ul>,
      },
      "ref": null,
      "rendered": Object {
        "instance": null,
        "key": null,
        "nodeType": "class",
        "props": Object {
          "children": Array [
            <styled.li>
              <Link
                className="active"
                onClick={[Function]}
                replace={false}
                to="/commits"
              >
                <Icon
                  icon="clock-o"
                />
                <styled.span>
                  0
                </styled.span>
                commits
              </Link>
            </styled.li>,
            <styled.li>
              <Link
                className=""
                onClick={[Function]}
                replace={false}
                to="/orgs"
              >
                <Icon
                  icon="users"
                />
                <styled.span>
                  0
                </styled.span>
                organizations
              </Link>
            </styled.li>,
          ],
        },
        "ref": null,
        "rendered": Array [
          Object {
            "instance": null,
            "key": "/commits",
            "nodeType": "class",
            "props": Object {
              "children": <Link
                className="active"
                onClick={[Function]}
                replace={false}
                to="/commits"
              >
                <Icon
                  icon="clock-o"
                />
                <styled.span>
                  0
                </styled.span>
                commits
              </Link>,
            },
            "ref": null,
            "rendered": Object {
              "instance": null,
              "key": null,
              "nodeType": "class",
              "props": Object {
                "children": Array [
                  <Icon
                    icon="clock-o"
                  />,
                  <styled.span>
                    0
                  </styled.span>,
                  "commits",
                ],
                "className": "active",
                "onClick": [Function],
                "replace": false,
                "to": "/commits",
              },
              "ref": null,
              "rendered": Array [
                Object {
                  "instance": null,
                  "key": null,
                  "nodeType": "function",
                  "props": Object {
                    "icon": "clock-o",
                  },
                  "ref": null,
                  "rendered": null,
                  "type": [Function],
                },
                Object {
                  "instance": null,
                  "key": null,
                  "nodeType": "class",
                  "props": Object {
                    "children": 0,
                  },
                  "ref": null,
                  "rendered": 0,
                  "type": [Function],
                },
                "commits",
              ],
              "type": [Function],
            },
            "type": [Function],
          },
          Object {
            "instance": null,
            "key": "/orgs",
            "nodeType": "class",
            "props": Object {
              "children": <Link
                className=""
                onClick={[Function]}
                replace={false}
                to="/orgs"
              >
                <Icon
                  icon="users"
                />
                <styled.span>
                  0
                </styled.span>
                organizations
              </Link>,
            },
            "ref": null,
            "rendered": Object {
              "instance": null,
              "key": null,
              "nodeType": "class",
              "props": Object {
                "children": Array [
                  <Icon
                    icon="users"
                  />,
                  <styled.span>
                    0
                  </styled.span>,
                  "organizations",
                ],
                "className": "",
                "onClick": [Function],
                "replace": false,
                "to": "/orgs",
              },
              "ref": null,
              "rendered": Array [
                Object {
                  "instance": null,
                  "key": null,
                  "nodeType": "function",
                  "props": Object {
                    "icon": "users",
                  },
                  "ref": null,
                  "rendered": null,
                  "type": [Function],
                },
                Object {
                  "instance": null,
                  "key": null,
                  "nodeType": "class",
                  "props": Object {
                    "children": 0,
                  },
                  "ref": null,
                  "rendered": 0,
                  "type": [Function],
                },
                "organizations",
              ],
              "type": [Function],
            },
            "type": [Function],
          },
        ],
        "type": [Function],
      },
      "type": [Function],
    },
  ],
  Symbol(enzyme.__options__): Object {
    "adapter": ReactSixteenAdapter {
      "options": Object {
        "enableComponentDidUpdateOnSetState": true,
      },
    },
  },
}
`;
